// Jest Snapshot v1, https://goo.gl/fbAQLP

exports[`createPrefixLogAnsi test base test 1`] = `
[
  "[48;2;200;183;18mObject.createPrefixLogBaseTest[0m:: ttt",
]
`;

exports[`createPrefixLogAnsi test object params test 1`] = `
[
  "[48;2;198;200;222mObject.createPrefixLogBaseTest[0m::",
  {
    "a": "test",
  },
]
`;

exports[`overWriteLog test base test 1`] = `
[
  "[48;2;200;141;228mObject.overWriteLogTest[0m:: test",
]
`;

exports[`patchLog test base test 1`] = `
[
  "[48;2;228;200;183mObject.patchLogTest[0m:: test",
]
`;
