// Jest Snapshot v1, https://goo.gl/fbAQLP

exports[`createPrefixLogAnsi test base test 1`] = `
[
  "[48;2;177;200;213mObject.createPrefixLogBaseTest[0m:: ttt",
]
`;

exports[`createPrefixLogAnsi test object params test 1`] = `
[
  "[48;2;177;200;213mObject.createPrefixLogBaseTest[0m::",
  {
    "a": "test",
  },
]
`;

exports[`overWriteLog test base test 1`] = `
[
  "[48;2;183;183;200mObject.overWriteLogTest[0m:: test",
]
`;

exports[`patchLog test base test 1`] = `
[
  "[48;2;117;200;177mObject.patchLogTest[0m:: test",
]
`;
