// Jest Snapshot v1, https://goo.gl/fbAQLP

exports[`createPrefixLog test base test 1`] = `
[
  "%cObject.createPrefixLogBaseTest::",
  "color: #1475de; font-weight: bold",
  " ttt",
]
`;

exports[`createPrefixLog test object params test 1`] = `
[
  "%cObject.createPrefixLogBaseTest::",
  "color: #14f0de; font-weight: bold",
  "",
  {
    "a": "test",
  },
]
`;

exports[`overWriteLog test base test 1`] = `
[
  "%cObject.overWriteLogTest::",
  "color: #14aeb1; font-weight: bold",
  " test",
]
`;

exports[`patchLog test base test 1`] = `
[
  "%cObject.patchLogTest::",
  "color: #aee414; font-weight: bold",
  " test",
]
`;
